═════════════════════════════════════════════════════════════════
§3.1 T-C2 同模型意图编码实验
═════════════════════════════════════════════════════════════════
加载 ModernBERT-base...
Loading weights:   0%|          | 0/134 [00:00<?, ?it/s]Loading weights: 100%|██████████| 134/134 [00:00<00:00, 1756.88it/s]
[transformers] [1mModernBertModel LOAD REPORT[0m from: answerdotai/ModernBERT-base
Key               | Status     |  | 
------------------+------------+--+-
decoder.bias      | UNEXPECTED |  | 
head.norm.weight  | UNEXPECTED |  | 
head.dense.weight | UNEXPECTED |  | 

Notes:
- UNEXPECTED:	can be ignored when loading from different task/architecture; not ok if you expect identical arch.
  ✅ 保存: /home/zcs/izu/experiments/consv_law/data/20260601_030029_tc2_intents_768d.npy
  dim= 768  cos=1.0000±0.0000  NN_acc=1.000  24576bits  1.0x
  dim= 512  cos=0.9560±0.0078  NN_acc=0.800  16384bits  1.5x
  dim= 384  cos=0.9333±0.0128  NN_acc=0.900  12288bits  2.0x
  dim= 256  cos=0.8988±0.0206  NN_acc=0.700  8192bits  3.0x
  dim= 128  cos=0.7070±0.1090  NN_acc=0.700  4096bits  6.0x
  dim=  64  cos=0.1310±0.0130  NN_acc=0.400  2048bits  12.0x
  dim=  48  cos=0.1215±0.0125  NN_acc=0.400  1536bits  16.0x
  dim=  32  cos=0.1092±0.0104  NN_acc=0.250  1024bits  24.0x
  dim=  24  cos=0.0818±0.0176  NN_acc=0.250  768bits  32.0x
  dim=  16  cos=0.0722±0.0154  NN_acc=0.200  512bits  48.0x
  dim=  12  cos=0.0597±0.0138  NN_acc=0.100  384bits  64.0x
  dim=   8  cos=0.0513±0.0124  NN_acc=0.100  256bits  96.0x

═════════════════════════════════════════════════════════════════
§3.2 d×r=常数 平凡验证 (随机高斯 PCA)
═════════════════════════════════════════════════════════════════
  ✅ 保存: /home/zcs/izu/experiments/consv_law/data/20260601_030029_section32_random_data.npy
  D₀(无噪声): D=552
  D_noisy(σ=0.01): D=664
  d= 384  r= 2  d×r=  768  cos=0.9998  ✓
  d= 256  r= 3  d×r=  768  cos=0.9998  ✓
  d= 192  r= 3  d×r=  576  cos=0.9597  ✓
  d= 128  r= 5  d×r=  640  cos=0.9777  ✓
  d=  96  r= 6  d×r=  576  cos=0.9597  ✓
  d=  64  r= 9  d×r=  576  cos=0.9597  ✓
  d=  48  r=12  d×r=  576  cos=0.9597  ✓
  d=  32  r=18  d×r=  576  cos=0.9597  ✓
  d=  24  r=23  d×r=  552  cos=0.9515  ✓
  d=  16  r=35  d×r=  560  cos=0.9543  ✓
  d=  12  r=46  d×r=  552  cos=0.9515  ✓
  d=   8  r=50  d×r=  400  cos=0.8793  ✗
  C = 610.9 ± 77.4

═════════════════════════════════════════════════════════════════
§3.3 Chomsky 层级合成数据实验
═════════════════════════════════════════════════════════════════
  Type3_regular: D₀=16
  ✅ 保存: /home/zcs/izu/experiments/consv_law/data/20260601_030029_chomsky_Type3_regular.npy
  Type2_anbn: D₀=16
  ✅ 保存: /home/zcs/izu/experiments/consv_law/data/20260601_030029_chomsky_Type2_anbn.npy
  Type1_anbncn: D₀=16
  ✅ 保存: /home/zcs/izu/experiments/consv_law/data/20260601_030029_chomsky_Type1_anbncn.npy
  Type0_XOR: D₀=8
  ✅ 保存: /home/zcs/izu/experiments/consv_law/data/20260601_030029_chomsky_Type0_XOR.npy

═════════════════════════════════════════════════════════════════
§3.4 语义反馈实验（结构化不对齐）
═════════════════════════════════════════════════════════════════
  ✅ 保存: /home/zcs/izu/experiments/consv_law/data/20260601_030029_section34_feedback_data.npy
  D₀(发送自闭环): D=64
  D_misalign: D=768
  d₁=  20 d₂= 58 total=   78 cos=0.9621 vsD₀=  +14 vsDm= -690 节省90%
  d₁=  20 d₂= 62 total=   82 cos=0.9696 vsD₀=  +18 vsDm= -686 节省89%
  d₁=  20 d₂= 67 total=   87 cos=0.9824 vsD₀=  +23 vsDm= -681 节省89%
  d₁=  45 d₂= 40 total=   85 cos=0.9712 vsD₀=  +21 vsDm= -683 节省89%
  d₁=  70 d₂= 38 total=  108 cos=0.9658 vsD₀=  +44 vsDm= -660 节省86%
  细搜最优: d₁=20 d₂=52 total=72 节省91%

═════════════════════════════════════════════════════════════════
§3.5 FSQ 量化压缩实验
═════════════════════════════════════════════════════════════════
  ✅ 保存: /home/zcs/izu/experiments/consv_law/data/20260601_030029_section35_fsq_data.npy
  FP32 384D 基线: cos=0.8657, 1536 bytes
  FSQ- 3  1.6bit/dim  76B  cos=0.7787  20.2x  
  FSQ- 5  2.3bit/dim  111B  cos=0.8216  13.8x  
  FSQ- 7  2.8bit/dim  135B  cos=0.8306  11.4x  
  FSQ- 9  3.2bit/dim  152B  cos=0.8333  10.1x  
  FSQ-11  3.5bit/dim  166B  cos=0.8344  9.3x  
  FSQ-15  3.9bit/dim  188B  cos=0.8350  8.2x  
  FSQ-31  5.0bit/dim  238B  cos=0.8353  6.5x  
  FSQ-63  6.0bit/dim  287B  cos=0.8352  5.4x  
Loading weights:   0%|          | 0/134 [00:00<?, ?it/s]Loading weights: 100%|██████████| 134/134 [00:00<00:00, 1791.97it/s]
[transformers] [1mModernBertModel LOAD REPORT[0m from: answerdotai/ModernBERT-base
Key               | Status     |  | 
------------------+------------+--+-
decoder.bias      | UNEXPECTED |  | 
head.norm.weight  | UNEXPECTED |  | 
head.dense.weight | UNEXPECTED |  | 

Notes:
- UNEXPECTED:	can be ignored when loading from different task/architecture; not ok if you expect identical arch.
  意图 FSQ-3: 2.0B cos=0.9927 ✓
  意图 FSQ-5: 2.9B cos=0.9934 ✓
  意图 FSQ-7: 3.5B cos=0.9939 ✓
  意图 FSQ-9: 4.0B cos=0.9939 ✓
  意图 FSQ-15: 4.9B cos=0.9936 ✓
  意图 FSQ-31: 6.2B cos=0.9935 ✓

═════════════════════════════════════════════════════════════════
§3.6 递归验证 (递进式 + 残差重编码)
═════════════════════════════════════════════════════════════════
  A) 递进式递归:
    d= 384 r= 1 d×r= 384 cos=1.0000
    d= 256 r= 1 d×r= 256 cos=1.0000
    d= 192 r= 1 d×r= 192 cos=1.0000
    d= 128 r= 1 d×r= 128 cos=1.0000
    d=  96 r= 1 d×r=  96 cos=1.0000
    d=  64 r= 1 d×r=  64 cos=1.0000
    d=  48 r= 1 d×r=  48 cos=1.0000
    d=  32 r= 1 d×r=  32 cos=1.0000
    d=  24 r= 1 d×r=  24 cos=1.0000
    d=  16 r= 1 d×r=  16 cos=1.0000
  B) 残差重编码:
    d= 384 r= 1 d×r= 384 cos=1.0000
    d= 256 r= 1 d×r= 256 cos=1.0000
    d= 192 r= 1 d×r= 192 cos=1.0000
    d= 128 r= 1 d×r= 128 cos=1.0000
    d=  96 r= 1 d×r=  96 cos=1.0000
    d=  64 r= 1 d×r=  64 cos=1.0000
    d=  48 r= 1 d×r=  48 cos=1.0000
    d=  32 r= 1 d×r=  32 cos=1.0000
    d=  24 r= 1 d×r=  24 cos=1.0000
    d=  16 r= 1 d×r=  16 cos=1.0000

═════════════════════════════════════════════════════════════════
全实验汇总
═════════════════════════════════════════════════════════════════
  §3.1 T-C2: 384维断崖, 90.00% NN准确率
  §3.2 d×r: D₀=552, D_noisy=664, C=610.9±77.4
  §3.3 Chomsky: Type3_regular=D₀16 Type2_anbn=D₀16 Type1_anbncn=D₀16 Type0_XOR=D₀8
  §3.4 反馈: d₁+d₂=72 (vs D₀=64), 节省91%
  ✅ 保存: /home/zcs/izu/experiments/consv_law/results/20260601_030029_run_log.json

📦 全部数据已保存到 /home/zcs/izu/experiments/consv_law/results/ 和 /home/zcs/izu/experiments/consv_law/data/
⏰ 完成时间: 2026-06-01 03:04:12
