═════════════════════════════════════════════════════════════════
§3.9 端到端 Agent 通信演示
═════════════════════════════════════════════════════════════════
任务: 20 条分类指令, 4 个类别
类别: ['code', 'research', 'writing', 'planning']

加载 ModernBERT...
Loading weights:   0%|          | 0/134 [00:00<?, ?it/s]Loading weights: 100%|██████████| 134/134 [00:00<00:00, 2186.39it/s]
[transformers] [1mModernBertModel LOAD REPORT[0m from: answerdotai/ModernBERT-base
Key               | Status     |  | 
------------------+------------+--+-
head.norm.weight  | UNEXPECTED |  | 
decoder.bias      | UNEXPECTED |  | 
head.dense.weight | UNEXPECTED |  | 

Notes:
- UNEXPECTED:	can be ignored when loading from different task/architecture; not ok if you expect identical arch.

计算全局 PCA...

基线（无压缩 FP32 768D）:
  准确率: 35.0% (7/20)

    d     L    bits     cos      准确率     vs基线         备注
──────────────────────────────────────────────────────────
   20  FP32     640  1.0000    35.0%    +0.0% ✓cos达标 ✓acc达标
   20 FSQ-7      56  0.9790    35.0%    +0.0% ✓cos达标 ✓acc达标
   20 FSQ-5      46  0.9636    35.0%    +0.0% ✓cos达标 ✓acc达标
   20 FSQ-3      32  0.9429    35.0%    +0.0%     ✓acc达标
   20  FP32     640  1.0000    35.0%    +0.0% ✓cos达标 ✓acc达标
   20 FSQ-7      56  0.9790    35.0%    +0.0% ✓cos达标 ✓acc达标
   20 FSQ-5      46  0.9636    35.0%    +0.0% ✓cos达标 ✓acc达标
   20 FSQ-3      32  0.9429    35.0%    +0.0%     ✓acc达标
   20  FP32     640  1.0000    35.0%    +0.0% ✓cos达标 ✓acc达标
   20 FSQ-7      56  0.9790    35.0%    +0.0% ✓cos达标 ✓acc达标
   20 FSQ-5      46  0.9636    35.0%    +0.0% ✓cos达标 ✓acc达标
   20 FSQ-3      32  0.9429    35.0%    +0.0%     ✓acc达标
   20  FP32     640  1.0000    35.0%    +0.0% ✓cos达标 ✓acc达标
   20 FSQ-7      56  0.9790    35.0%    +0.0% ✓cos达标 ✓acc达标
   20 FSQ-5      46  0.9636    35.0%    +0.0% ✓cos达标 ✓acc达标
   20 FSQ-3      32  0.9429    35.0%    +0.0%     ✓acc达标
   20  FP32     640  1.0000    35.0%    +0.0% ✓cos达标 ✓acc达标
   20 FSQ-7      56  0.9790    35.0%    +0.0% ✓cos达标 ✓acc达标
   20 FSQ-5      46  0.9636    35.0%    +0.0% ✓cos达标 ✓acc达标
   20 FSQ-3      32  0.9429    35.0%    +0.0%     ✓acc达标
   20  FP32     640  1.0000    35.0%    +0.0% ✓cos达标 ✓acc达标
   20 FSQ-7      56  0.9790    35.0%    +0.0% ✓cos达标 ✓acc达标
   20 FSQ-5      46  0.9636    35.0%    +0.0% ✓cos达标 ✓acc达标
   20 FSQ-3      32  0.9429    35.0%    +0.0%     ✓acc达标
   20  FP32     640  1.0000    35.0%    +0.0% ✓cos达标 ✓acc达标
   20 FSQ-7      56  0.9790    35.0%    +0.0% ✓cos达标 ✓acc达标
   20 FSQ-5      46  0.9636    35.0%    +0.0% ✓cos达标 ✓acc达标
   20 FSQ-3      32  0.9429    35.0%    +0.0%     ✓acc达标
   16  FP32     512  1.0000    35.0%    +0.0% ✓cos达标 ✓acc达标
   16 FSQ-7      45  0.9790    35.0%    +0.0% ✓cos达标 ✓acc达标
   16 FSQ-5      37  0.9636    35.0%    +0.0% ✓cos达标 ✓acc达标
   16 FSQ-3      25  0.9429    35.0%    +0.0%     ✓acc达标
   12  FP32     384  0.9988    35.0%    +0.0% ✓cos达标 ✓acc达标
   12 FSQ-7      34  0.9790    35.0%    +0.0% ✓cos达标 ✓acc达标
   12 FSQ-5      28  0.9636    35.0%    +0.0% ✓cos达标 ✓acc达标
   12 FSQ-3      19  0.9429    35.0%    +0.0%     ✓acc达标
    8  FP32     256  0.9967    35.0%    +0.0% ✓cos达标 ✓acc达标
    8 FSQ-7      22  0.9790    35.0%    +0.0% ✓cos达标 ✓acc达标
    8 FSQ-5      19  0.9636    35.0%    +0.0% ✓cos达标 ✓acc达标
    8 FSQ-3      13  0.9429    35.0%    +0.0%     ✓acc达标

═════════════════════════════════════════════════════════════════
最佳配置
═════════════════════════════════════════════════════════════════
  最佳: d=8, L=3, 2B
  cos=0.9429, 准确率=35.0%
  压缩比: 1920.0x vs FP32 768D (3072B)
  核心发现: 端到端任务中，cos≥0.95 不是必要条件——
    某些配置 cos<0.95 但仍保持任务准确率，
    因为分类只需相对距离保序，不需逐维精确重建。

📦 /home/zcs/izu/experiments/consv_law/results/20260601_030214_e2e_agent_demo.json
⏰ 2026-06-01 03:07:32
