═════════════════════════════════════════════════════════════════
§3.7 非线性 Autoencoder 验证
═════════════════════════════════════════════════════════════════
Loading weights:   0%|          | 0/134 [00:00<?, ?it/s]Loading weights: 100%|██████████| 134/134 [00:00<00:00, 2139.85it/s]
[transformers] [1mModernBertModel LOAD REPORT[0m from: answerdotai/ModernBERT-base
Key               | Status     |  | 
------------------+------------+--+-
head.dense.weight | UNEXPECTED |  | 
head.norm.weight  | UNEXPECTED |  | 
decoder.bias      | UNEXPECTED |  | 

Notes:
- UNEXPECTED:	can be ignored when loading from different task/architecture; not ok if you expect identical arch.
随机高斯: (2000, 768), 语义意图: (20, 768)

───────────────────────────────────────────────────────
数据集: random_gaussian (2000 样本)
───────────────────────────────────────────────────────

  瓶颈维度 d=384:
    FP32: cos=0.8848, 1536 bytes, ✗未达标
    FSQ- 3: 1.6bit/dim 76.1B cos=0.7379 20.2x 
    FSQ- 5: 2.3bit/dim 111.5B cos=0.7653 13.8x 
    FSQ- 7: 2.8bit/dim 134.8B cos=0.7684 11.4x 
    FSQ- 9: 3.2bit/dim 152.2B cos=0.7682 10.1x 
    FSQ-15: 3.9bit/dim 187.5B cos=0.7672 8.2x 
    FSQ-31: 5.0bit/dim 237.8B cos=0.7662 6.5x 

  瓶颈维度 d=256:
    FP32: cos=0.8606, 1024 bytes, ✗未达标
    FSQ- 3: 1.6bit/dim 50.7B cos=0.6703 20.2x 
    FSQ- 5: 2.3bit/dim 74.3B cos=0.6853 13.8x 
    FSQ- 7: 2.8bit/dim 89.8B cos=0.6834 11.4x 
    FSQ- 9: 3.2bit/dim 101.4B cos=0.6816 10.1x 
    FSQ-15: 3.9bit/dim 125.0B cos=0.6787 8.2x 
    FSQ-31: 5.0bit/dim 158.5B cos=0.6771 6.5x 

  瓶颈维度 d=192:
    FP32: cos=0.8407, 768 bytes, ✗未达标
    FSQ- 3: 1.6bit/dim 38.0B cos=0.6234 20.2x 
    FSQ- 5: 2.3bit/dim 55.7B cos=0.6318 13.8x 
    FSQ- 7: 2.8bit/dim 67.4B cos=0.6271 11.4x 
    FSQ- 9: 3.2bit/dim 76.1B cos=0.6239 10.1x 
    FSQ-15: 3.9bit/dim 93.8B cos=0.6200 8.2x 
    FSQ-31: 5.0bit/dim 118.9B cos=0.6181 6.5x 

  瓶颈维度 d=128:
    FP32: cos=0.8061, 512 bytes, ✗未达标
    FSQ- 3: 1.6bit/dim 25.4B cos=0.5548 20.2x 
    FSQ- 5: 2.3bit/dim 37.2B cos=0.5549 13.8x 
    FSQ- 7: 2.8bit/dim 44.9B cos=0.5477 11.4x 
    FSQ- 9: 3.2bit/dim 50.7B cos=0.5434 10.1x 
    FSQ-15: 3.9bit/dim 62.5B cos=0.5386 8.2x 
    FSQ-31: 5.0bit/dim 79.3B cos=0.5362 6.5x 

  瓶颈维度 d=96:
    FP32: cos=0.7819, 384 bytes, ✗未达标
    FSQ- 3: 1.6bit/dim 19.0B cos=0.5177 20.2x 
    FSQ- 5: 2.3bit/dim 27.9B cos=0.5209 13.8x 
    FSQ- 7: 2.8bit/dim 33.7B cos=0.5127 11.4x 
    FSQ- 9: 3.2bit/dim 38.0B cos=0.5087 10.1x 
    FSQ-15: 3.9bit/dim 46.9B cos=0.5041 8.2x 
    FSQ-31: 5.0bit/dim 59.5B cos=0.5022 6.5x 

  瓶颈维度 d=64:
    FP32: cos=0.7398, 256 bytes, ✗未达标
    FSQ- 3: 1.6bit/dim 12.7B cos=0.4675 20.2x 
    FSQ- 5: 2.3bit/dim 18.6B cos=0.4633 13.8x 
    FSQ- 7: 2.8bit/dim 22.5B cos=0.4558 11.4x 
    FSQ- 9: 3.2bit/dim 25.4B cos=0.4513 10.1x 
    FSQ-15: 3.9bit/dim 31.3B cos=0.4468 8.2x 
    FSQ-31: 5.0bit/dim 39.6B cos=0.4440 6.5x 

  瓶颈维度 d=48:
    FP32: cos=0.7078, 192 bytes, ✗未达标
    FSQ- 3: 1.6bit/dim 9.5B cos=0.4387 20.2x 
    FSQ- 5: 2.3bit/dim 13.9B cos=0.4358 13.8x 
    FSQ- 7: 2.8bit/dim 16.8B cos=0.4282 11.4x 
    FSQ- 9: 3.2bit/dim 19.0B cos=0.4237 10.1x 
    FSQ-15: 3.9bit/dim 23.4B cos=0.4197 8.2x 
    FSQ-31: 5.0bit/dim 29.7B cos=0.4172 6.5x 

  瓶颈维度 d=32:
    FP32: cos=0.6579, 128 bytes, ✗未达标
    FSQ- 3: 1.6bit/dim 6.3B cos=0.4057 20.2x 
    FSQ- 5: 2.3bit/dim 9.3B cos=0.4075 13.8x 
    FSQ- 7: 2.8bit/dim 11.2B cos=0.4012 11.4x 
    FSQ- 9: 3.2bit/dim 12.7B cos=0.3983 10.1x 
    FSQ-15: 3.9bit/dim 15.6B cos=0.3941 8.2x 
    FSQ-31: 5.0bit/dim 19.8B cos=0.3922 6.5x 

  瓶颈维度 d=24:
    FP32: cos=0.6239, 96 bytes, ✗未达标
    FSQ- 3: 1.6bit/dim 4.8B cos=0.3654 20.2x 
    FSQ- 5: 2.3bit/dim 7.0B cos=0.3597 13.8x 
    FSQ- 7: 2.8bit/dim 8.4B cos=0.3514 11.4x 
    FSQ- 9: 3.2bit/dim 9.5B cos=0.3474 10.1x 
    FSQ-15: 3.9bit/dim 11.7B cos=0.3434 8.2x 
    FSQ-31: 5.0bit/dim 14.9B cos=0.3414 6.5x 

  瓶颈维度 d=16:
    FP32: cos=0.5545, 64 bytes, ✗未达标
    FSQ- 3: 1.6bit/dim 3.2B cos=0.3183 20.2x 
    FSQ- 5: 2.3bit/dim 4.6B cos=0.3177 13.8x 
    FSQ- 7: 2.8bit/dim 5.6B cos=0.3139 11.4x 
    FSQ- 9: 3.2bit/dim 6.3B cos=0.3103 10.1x 
    FSQ-15: 3.9bit/dim 7.8B cos=0.3071 8.2x 
    FSQ-31: 5.0bit/dim 9.9B cos=0.3056 6.5x 

  瓶颈维度 d=8:
    FP32: cos=0.4066, 32 bytes, ✗未达标
    FSQ- 3: 1.6bit/dim 1.6B cos=0.2256 20.2x 
    FSQ- 5: 2.3bit/dim 2.3B cos=0.2406 13.8x 
    FSQ- 7: 2.8bit/dim 2.8B cos=0.2388 11.4x 
    FSQ- 9: 3.2bit/dim 3.2B cos=0.2370 10.1x 
    FSQ-15: 3.9bit/dim 3.9B cos=0.2352 8.2x 
    FSQ-31: 5.0bit/dim 5.0B cos=0.2351 6.5x 

───────────────────────────────────────────────────────
数据集: semantic_intent (20 样本)
───────────────────────────────────────────────────────

  瓶颈维度 d=19:
    FP32: cos=0.9768, 76 bytes, ✓达标
    FSQ- 3: 1.6bit/dim 3.8B cos=0.9748 20.2x ✓
    FSQ- 5: 2.3bit/dim 5.5B cos=0.9749 13.8x ✓
    FSQ- 7: 2.8bit/dim 6.7B cos=0.9749 11.4x ✓
    FSQ- 9: 3.2bit/dim 7.5B cos=0.9747 10.1x ✓
    FSQ-15: 3.9bit/dim 9.3B cos=0.9747 8.2x ✓
    FSQ-31: 5.0bit/dim 11.8B cos=0.9747 6.5x ✓
    ★ 最佳: d=19 FSQ-3 3.8B cos=0.9748

  瓶颈维度 d=19:
    FP32: cos=0.9766, 76 bytes, ✓达标
    FSQ- 3: 1.6bit/dim 3.8B cos=0.9747 20.2x ✓
    FSQ- 5: 2.3bit/dim 5.5B cos=0.9747 13.8x ✓
    FSQ- 7: 2.8bit/dim 6.7B cos=0.9748 11.4x ✓
    FSQ- 9: 3.2bit/dim 7.5B cos=0.9746 10.1x ✓
    FSQ-15: 3.9bit/dim 9.3B cos=0.9745 8.2x ✓
    FSQ-31: 5.0bit/dim 11.8B cos=0.9745 6.5x ✓
    ★ 最佳: d=19 FSQ-3 3.8B cos=0.9747

  瓶颈维度 d=19:
    FP32: cos=0.9782, 76 bytes, ✓达标
    FSQ- 3: 1.6bit/dim 3.8B cos=0.9758 20.2x ✓
    FSQ- 5: 2.3bit/dim 5.5B cos=0.9760 13.8x ✓
    FSQ- 7: 2.8bit/dim 6.7B cos=0.9759 11.4x ✓
    FSQ- 9: 3.2bit/dim 7.5B cos=0.9758 10.1x ✓
    FSQ-15: 3.9bit/dim 9.3B cos=0.9758 8.2x ✓
    FSQ-31: 5.0bit/dim 11.8B cos=0.9757 6.5x ✓
    ★ 最佳: d=19 FSQ-3 3.8B cos=0.9758

  瓶颈维度 d=19:
    FP32: cos=0.9766, 76 bytes, ✓达标
    FSQ- 3: 1.6bit/dim 3.8B cos=0.9746 20.2x ✓
    FSQ- 5: 2.3bit/dim 5.5B cos=0.9747 13.8x ✓
    FSQ- 7: 2.8bit/dim 6.7B cos=0.9746 11.4x ✓
    FSQ- 9: 3.2bit/dim 7.5B cos=0.9745 10.1x ✓
    FSQ-15: 3.9bit/dim 9.3B cos=0.9745 8.2x ✓
    FSQ-31: 5.0bit/dim 11.8B cos=0.9745 6.5x ✓
    ★ 最佳: d=19 FSQ-3 3.8B cos=0.9746

  瓶颈维度 d=19:
    FP32: cos=0.9762, 76 bytes, ✓达标
    FSQ- 3: 1.6bit/dim 3.8B cos=0.9745 20.2x ✓
    FSQ- 5: 2.3bit/dim 5.5B cos=0.9744 13.8x ✓
    FSQ- 7: 2.8bit/dim 6.7B cos=0.9744 11.4x ✓
    FSQ- 9: 3.2bit/dim 7.5B cos=0.9744 10.1x ✓
    FSQ-15: 3.9bit/dim 9.3B cos=0.9743 8.2x ✓
    FSQ-31: 5.0bit/dim 11.8B cos=0.9742 6.5x ✓
    ★ 最佳: d=19 FSQ-3 3.8B cos=0.9745

  瓶颈维度 d=19:
    FP32: cos=0.9778, 76 bytes, ✓达标
    FSQ- 3: 1.6bit/dim 3.8B cos=0.9754 20.2x ✓
    FSQ- 5: 2.3bit/dim 5.5B cos=0.9756 13.8x ✓
    FSQ- 7: 2.8bit/dim 6.7B cos=0.9755 11.4x ✓
    FSQ- 9: 3.2bit/dim 7.5B cos=0.9755 10.1x ✓
    FSQ-15: 3.9bit/dim 9.3B cos=0.9754 8.2x ✓
    FSQ-31: 5.0bit/dim 11.8B cos=0.9754 6.5x ✓
    ★ 最佳: d=19 FSQ-3 3.8B cos=0.9754

  瓶颈维度 d=19:
    FP32: cos=0.9775, 76 bytes, ✓达标
    FSQ- 3: 1.6bit/dim 3.8B cos=0.9754 20.2x ✓
    FSQ- 5: 2.3bit/dim 5.5B cos=0.9755 13.8x ✓
    FSQ- 7: 2.8bit/dim 6.7B cos=0.9755 11.4x ✓
    FSQ- 9: 3.2bit/dim 7.5B cos=0.9755 10.1x ✓
    FSQ-15: 3.9bit/dim 9.3B cos=0.9753 8.2x ✓
    FSQ-31: 5.0bit/dim 11.8B cos=0.9753 6.5x ✓
    ★ 最佳: d=19 FSQ-3 3.8B cos=0.9754

  瓶颈维度 d=19:
    FP32: cos=0.9766, 76 bytes, ✓达标
    FSQ- 3: 1.6bit/dim 3.8B cos=0.9746 20.2x ✓
    FSQ- 5: 2.3bit/dim 5.5B cos=0.9747 13.8x ✓
    FSQ- 7: 2.8bit/dim 6.7B cos=0.9747 11.4x ✓
    FSQ- 9: 3.2bit/dim 7.5B cos=0.9745 10.1x ✓
    FSQ-15: 3.9bit/dim 9.3B cos=0.9745 8.2x ✓
    FSQ-31: 5.0bit/dim 11.8B cos=0.9745 6.5x ✓
    ★ 最佳: d=19 FSQ-3 3.8B cos=0.9746

  瓶颈维度 d=19:
    FP32: cos=0.9782, 76 bytes, ✓达标
    FSQ- 3: 1.6bit/dim 3.8B cos=0.9757 20.2x ✓
    FSQ- 5: 2.3bit/dim 5.5B cos=0.9760 13.8x ✓
    FSQ- 7: 2.8bit/dim 6.7B cos=0.9759 11.4x ✓
    FSQ- 9: 3.2bit/dim 7.5B cos=0.9757 10.1x ✓
    FSQ-15: 3.9bit/dim 9.3B cos=0.9757 8.2x ✓
    FSQ-31: 5.0bit/dim 11.8B cos=0.9757 6.5x ✓
    ★ 最佳: d=19 FSQ-3 3.8B cos=0.9757

  瓶颈维度 d=16:
    FP32: cos=0.9711, 64 bytes, ✓达标
    FSQ- 3: 1.6bit/dim 3.2B cos=0.9698 20.2x ✓
    FSQ- 5: 2.3bit/dim 4.6B cos=0.9699 13.8x ✓
    FSQ- 7: 2.8bit/dim 5.6B cos=0.9698 11.4x ✓
    FSQ- 9: 3.2bit/dim 6.3B cos=0.9698 10.1x ✓
    FSQ-15: 3.9bit/dim 7.8B cos=0.9698 8.2x ✓
    FSQ-31: 5.0bit/dim 9.9B cos=0.9698 6.5x ✓
    ★ 最佳: d=16 FSQ-3 3.2B cos=0.9698

  瓶颈维度 d=8:
    FP32: cos=0.9680, 32 bytes, ✓达标
    FSQ- 3: 1.6bit/dim 1.6B cos=0.9674 20.2x ✓
    FSQ- 5: 2.3bit/dim 2.3B cos=0.9674 13.8x ✓
    FSQ- 7: 2.8bit/dim 2.8B cos=0.9674 11.4x ✓
    FSQ- 9: 3.2bit/dim 3.2B cos=0.9674 10.1x ✓
    FSQ-15: 3.9bit/dim 3.9B cos=0.9674 8.2x ✓
    FSQ-31: 5.0bit/dim 5.0B cos=0.9674 6.5x ✓
    ★ 最佳: d=8 FSQ-3 1.6B cos=0.9674

═════════════════════════════════════════════════════════════════
汇总
═════════════════════════════════════════════════════════════════

random_gaussian:
      d    最佳L   bytes     cos  dxlog2(L)
  ──────────────────────────────────────────

semantic_intent:
      d    最佳L   bytes     cos  dxlog2(L)
  ──────────────────────────────────────────
      8 FSQ-3       1.6  0.9674       12.7
     16 FSQ-3       3.2  0.9698       25.4
     19 FSQ-3       3.8  0.9748       30.1
  C(d×log₂(L)) = 22.7 ± 7.4
  变异系数 CV = 0.324

📦 结果已保存: /home/zcs/izu/experiments/consv_law/results/20260601_030208_autoencoder_results.json
⏰ 完成: 2026-06-01 03:05:06
