═════════════════════════════════════════════════════════════════
§3.8 多轮反馈消融
═════════════════════════════════════════════════════════════════

场景1: 结构化不对齐  D₀=64

  轮次   dᵣ新增    累计d      cos   vs D₀
────────────────────────────────────
   1     62     62   0.9503      -2
   2      2     64   0.9614      +0

场景2: ARQ 噪声多轮 (σ=0.01)
D₀=552
   1    658    658   0.9502    +106
   2      2    660   0.9506    +108

═════════════════════════════════════════════════════════════════
结论
═════════════════════════════════════════════════════════════════
场景1(结构化不对齐): D₀=64, 总维度=64, 比率=1.00
  增量递减: 62 → 2
  是否趋近D₀: ✓ 是
场景2(ARQ噪声): D₀=552, 总维度=660, 比率=1.20
  增量递减: 658 → 2
  是否趋近D₀: ✗ 否

📦 /home/zcs/izu/experiments/consv_law/results/20260601_030031_multiround_feedback.json
